{
    "value": {
        "thing": {},
        "badThing": {
            "valid": false
        }
    },
    "valid": false,
    "isError": false
}
