{
    "value": "Cannot convert undefined or null to object",
    "valid": false,
    "isError": true
}
