{
    "value": {
        "thing": {}
    },
    "valid": true,
    "isError": false
}
