{
    "random call count": 3,
    "result": [
        2,
        3,
        1
    ]
}
